[str.local/index.html]
[backblue.gif]
[fade.gif]
[index.html]
[str.local/wp-includes/css/dist/block-library/style.min37ad.css]
[str.local/wp-content/themes/phlox/css/basea038.css]
[str.local/wp-content/themes/phlox/css/auxin-icona038.css]
[str.local/wp-content/plugins/elementor/assets/lib/eicons/css/elementor-icons.min91ce.css]
[str.local/wp-content/plugins/elementor/assets/css/frontend-lite.minf3df.css]
[str.local/wp-content/uploads/elementor/css/post-5d6e9.css]
[str.local/wp-content/plugins/auxin-elements/admin/assets/css/elementor-widgets3894.css]
[str.local/wp-includes/js/mediaelement/mediaelementplayer-legacy.min08e1.css]
[str.local/wp-includes/js/mediaelement/wp-mediaelement.min37ad.css]
[str.local/wp-content/uploads/elementor/css/post-42e4c0.css]
[str.local/wp-content/uploads/elementor/css/post-63f6f.css]
[str.local/wp-content/uploads/elementor/css/post-7d6e9.css]
[str.local/wp-includes/js/jquery/jquery.minaf6c.js]
[str.local/wp-content/themes/phlox/js/solo/modernizr-custom.mina038.js]
[str.local/xmlrpc0db0.php]
[str.local/wp-includes/wlwmanifest.xml]
[str.local/wp-json/index.html]
[str.local/wp-json/oembed/1.0/embedb048]
[str.local/wp-content/uploads/2022/08/wnetrze_3.jpg]
[str.local/wp-content/uploads/2022/08/wnetrze_2.jpg]
[str.local/wp-content/uploads/2022/08/wnetrze_1.jpg]
[str.local/wp-includes/js/masonry.min3a05.js]
[str.local/wp-content/themes/phlox/js/plugins.mina038.js]
[str.local/wp-includes/js/mediaelement/mediaelement-and-player.min08e1.js]
[str.local/wp-includes/js/mediaelement/mediaelement-migrate.min37ad.js]
[str.local/wp-content/plugins/auxin-elements/public/assets/js/plugins.min3894.js]
[str.local/wp-content/plugins/auxin-elements/public/assets/js/scripts3894.js]
[str.local/wp-content/themes/phlox/js/scripts.mina038.js]
[str.local/wp-content/plugins/elementor/assets/js/webpack.runtime.minf3df.js]
[str.local/wp-content/plugins/elementor/assets/js/frontend-modules.minf3df.js]
[str.local/wp-content/plugins/elementor/assets/lib/waypoints/waypoints.min05da.js]
[str.local/index.html]
[str.local/wp-includes/css/dist/block-library/style.min37ad.css]
[str.local/wp-content/plugins/elementor/assets/js/frontend.minf3df.js]
[str.local/wp-content/themes/phlox/css/basea038.css]
[str.local/feed/index.html]
[str.local/comments/feed/index.html]
[str.local/wp-content/themes/phlox/css/fonts/fontastic/auxicon/auxin-frontd41d.eot]
[str.local/wp-content/themes/phlox/css/fonts/fontastic/auxicon/auxin-front.woff]
[str.local/wp-content/themes/phlox/css/fonts/fontastic/auxicon/auxin-front.ttf]
[str.local/wp-content/themes/phlox/css/fonts/fontastic/auxicon2/auxin-front-2.eot]
[str.local/wp-content/themes/phlox/css/fonts/fontastic/auxicon2/auxin-front-2.woff]
[str.local/wp-content/themes/phlox/css/fonts/fontastic/auxicon2/auxin-front-2.ttf]
[str.local/wp-content/themes/phlox/css/auxin-icona038.css]
[str.local/wp-content/plugins/elementor/assets/lib/eicons/fonts/eicons1075.woff2]
[str.local/wp-content/plugins/elementor/assets/lib/eicons/fonts/eicons1075.woff]
[str.local/wp-content/themes/phlox/css/maina038.css]
[str.local/wp-content/plugins/elementor/assets/lib/eicons/fonts/eicons1075.ttf]
[str.local/wp-content/plugins/elementor/assets/lib/eicons/css/elementor-icons.min91ce.css]
[str.local/wp-content/plugins/elementor/assets/css/frontend-lite.minf3df.css]
[str.local/wp-content/uploads/elementor/css/post-5d6e9.css]
[str.local/wp-content/plugins/auxin-elements/admin/assets/css/elementor-widgets3894.css]
[str.local/wp-content/themes/phlox/css/other/elementora038.css]
[str.local/wp-includes/js/mediaelement/mediaelementplayer-legacy.min08e1.css]
[str.local/wp-includes/js/mediaelement/wp-mediaelement.min37ad.css]
[str.local/wp-content/uploads/elementor/css/post-42e4c0.css]
[str.local/wp-content/uploads/elementor/css/post-63f6f.css]
[str.local/wp-content/uploads/elementor/css/post-7d6e9.css]
[str.local/wp-includes/js/jquery/jquery.minaf6c.js]
[str.local/wp-content/themes/phlox/js/solo/modernizr-custom.mina038.js]
[str.local/wp-content/uploads/phlox/custombf99.css]
[str.local/wp-includes/js/masonry.min3a05.js]
[str.local/wp-content/themes/phlox/js/plugins.mina038.js]
[str.local/wp-includes/js/imagesloaded.mineda1.js]
[str.local/wp-content/plugins/auxin-elements/admin/assets/js/elementor/widgets3894.js]
[str.local/wp-json/oembed/1.0/embeded10]
[str.local/GET]
[str.local/wp-includes/js/mediaelement/mediaelement-and-player.min08e1.js]
[str.local/wp-includes/js/mediaelement/mediaelement-migrate.min37ad.js]
[str.local/wp-content/plugins/auxin-elements/public/assets/js/plugins.min3894.js]
[str.local/wp-content/plugins/auxin-elements/public/assets/js/scripts3894.js]
[str.local/wp-content/themes/phlox/js/scripts.mina038.js]
[str.local/wp-content/plugins/elementor/assets/js/webpack.runtime.minf3df.js]
[str.local/wp-includes/js/mediaelement/wp-mediaelement.min37ad.js]
[str.local/wp-content/plugins/elementor/assets/js/frontend-modules.minf3df.js]
[str.local/wp-content/plugins/elementor/assets/lib/waypoints/waypoints.min05da.js]
[str.local/wp-content/plugins/elementor/assets/js/frontend.minf3df.js]
[str.local/wp-includes/js/jquery/ui/core.min0028.js]
[str.local/wp-content/themes/phlox/css/fonts/fontastic/auxicon/auxin-front.svg]
[str.local/wp-content/themes/phlox/css/fonts/fontastic/auxicon/auxin-front.eot]
[str.local/OPR/index.html]
[str.local/wp-content/themes/phlox/css/images/photoswipe/default-skin.png]
[str.local/wp-content/themes/phlox/css/images/photoswipe/preloader.gif]
[str.local/wp-content/themes/phlox/css/maina038.css]
[str.local/wp-content/themes/phlox/css/other/elementora038.css]
[str.local/wp-content/plugins/elementor/assets/lib/eicons/fonts/eicons1075.eot]
[str.local/wp-includes/js/mediaelement/mejs-controls.svg]
[str.local/wp-content/uploads/phlox/custombf99.css]
[str.local/wp-content/uploads/2022/08/wnetrze_4.jpg]
[str.local/wp-includes/js/jquery/jquery-migrate.mind617.js]
[str.local/wp-includes/js/imagesloaded.mineda1.js]
[str.local/wp-content/plugins/auxin-elements/admin/assets/js/elementor/widgets3894.js]
[str.local/GET.html]
[str.local/wp-includes/js/mediaelement/wp-mediaelement.min37ad.js]
[str.local/wp-json/wp/v2/pages/42]
[str.local/wp-includes/js/jquery/ui/core.min0028.js]
[str.local/wp-content/uploads/phlox/custom592e.js]
[str.local/OPR/index.html]
[str.local/wp-content/themes/phlox/css/fonts/fontastic/auxicon2/auxin-front-2d41d.eot]
[str.local/-negative.svg]
[str.local/wp-content/themes/phlox/css/fonts/fontastic/auxicon2/auxin-front-2.svg]
[str.local/wp-content/themes/phlox/css/images/svg/symbols.svg]
[str.local/wp-content/themes/phlox/css/images/svg/downarrow.svg]
[str.local/wp-content/themes/phlox/css/images/svg/spinner-default.svg]
[str.local/wp-content/themes/phlox/css/images/svg/spinner-light.svg]
[str.local/wp-content/themes/phlox/css/images/svg/spinner-dark.svg]
[str.local/wp-content/themes/phlox/css/images/photoswipe/default-skin.svg]
[str.local/wp-content/themes/phlox/css/images/svg/checkbox.svg]
[str.local/wp-content/themes/phlox/css/other/mejs/dark-player.controls.svg]
[str.local/wp-content/themes/phlox/css/other/mejs/light-video-play.svg]
[str.local/wp-content/themes/phlox/css/other/mejs/light-player.controls.svg]
[str.local/wp-content/themes/phlox/css/images/svg/play.svg]
[str.local/wp-content/themes/phlox/css/images/svg/pause.svg]
[str.local/wp-content/themes/phlox/css/images/controls/arrows/small-arrow-down-white.svg]
[str.local/wp-content/themes/phlox/css/images/svg/leftarrow.svg]
[str.local/wp-content/themes/phlox/css/images/svg/rightarrow.svg]
[str.local/wp-content/themes/phlox/css/images/svg/404.svg]
[str.local/wp-content/themes/phlox/css/images/svg/reply.svg]
[str.local/wp-includes/js/jquery/jquery-migrate.mind617.js]
[str.local/wp-content/uploads/phlox/custom592e.js]
[str.local/-negative.svg]
[str.local/wp-content/themes/phlox/css/other/mejs/dark-video-play.svg]
[str.local/wp-content/plugins/elementor/assets/lib/eicons/fonts/eicons1075.svg]
[str.local/wp-content/themes/phlox/css/images/controls/arrows/small-arrow-down.svg]
